// Jest Snapshot v1, https://goo.gl/fbAQLP

exports[`Should ListFilm render correctly No filmActive 1`] = `
<div
  className="catalog__movies-list"
>
  <article
    className="small-movie-card catalog__movies-card"
  >
    <a
      href="/films/1"
      onClick={[Function]}
    >
      <div
        className="small-movie-card__image"
        onMouseOut={[Function]}
        onMouseOver={[Function]}
      >
        <video
          height="175"
          width="280"
        />
      </div>
    </a>
    <h3
      className="small-movie-card__title"
    >
      <a
        className="small-movie-card__link"
        href="/films/1"
        onClick={[Function]}
      >
        Aviator1
      </a>
    </h3>
  </article>
  <article
    className="small-movie-card catalog__movies-card"
  >
    <a
      href="/films/2"
      onClick={[Function]}
    >
      <div
        className="small-movie-card__image"
        onMouseOut={[Function]}
        onMouseOver={[Function]}
      >
        <video
          height="175"
          width="280"
        />
      </div>
    </a>
    <h3
      className="small-movie-card__title"
    >
      <a
        className="small-movie-card__link"
        href="/films/2"
        onClick={[Function]}
      >
        Aviator2
      </a>
    </h3>
  </article>
</div>
`;
